tbl_s_schloss
tbl_s_ausstattung_alt
tbl_s_materialzuteilung
tbl_s_artikelordner_artikel
tbl_s_ausstattung
tbl_s_artikelordner
tbl_a_adresse_zuteilung
tbl_a_adressbemerkung_datei
tbl_a_adressbemerkungdatei
tbl_a_adresse
tbl_a_adresstyp
tbl_a_bemerkungstyp
tbl_a_hobby
tbl_a_kinder
tbl_a_person
tbl_a_person_hobby
tbl_a_person_verein
tbl_a_personbemerkung
tbl_a_plz
tbl_a_verein
tbl_a_zusatzadress_zusatzadresstyp
tbl_a_zusatzadresse
tbl_a_zusatzadresstyp
tbl_a_zuteilung
tbl_ma_person
tbl_o_artikelofferte
tbl_o_datei
tbl_o_offerte
tbl_o_offertentyp
tbl_o_status
tbl_s_artikel
tbl_s_artikel_adresse
tbl_s_materialzuteilung_adresse
tbl_a_adressbemerkung
tbl_o_periode
tbl_b_bestellung
tbl_b_bestellhistory
tbl_b_bestellstatus
tbl_b_bestellung_artikel
tbl_b_schlusssatz
tbl_r_rechnung
tbl_r_rechnung_positionen
tbl_a_geburtstag
tbl_s_spezielle_artikel
tbl_g_zahlungskonditionen
tbl_b_bestellung_ausstehende_positionen
tbl_a_dokumentation
tbl_a_dokumentation_was
tbl_a_dokumentation_wo
tbl_s_türe
tbl_s_rabattgruppe
tbl_r_gutschrift
tbl_r_gutschrift_position
tbl_g_bild
